model          :	clip_vit_l_14
input_size     :	224
reduction      :	8
regression     :	False
truncation     :	4
anchor_points  :	average
prompt_type    :	word
granularity    :	fine
num_vpt        :	32
vpt_drop       :	0.0
shallow_vpt    :	False
weight_path    :	./checkpoints/nwpu/best_rmse_0.pth
epochs         :	50
lr             :	3e-05
downscale      :	4
batch_size     :	8
device         :	cuda
Missing keys: []
Unexpected keys: ['proj']
All keys matched successfully.
Initialized model with text prompts: ['There is no person.', 'There is one person.', 'There are two people.', 'There are three people.', 'There are more than four people.']
Epoch 1/50: Train Loss 10.8644 | Val Loss 10.2171 | MAE 157.05 | RMSE 568.10 | LR 3.00e-05
  -> Saved best student (MAE 157.05)
Epoch 2/50: Train Loss 9.9039 | Val Loss 10.1376 | MAE 148.50 | RMSE 556.41 | LR 2.99e-05
  -> Saved best student (MAE 148.50)
Epoch 3/50: Train Loss 9.4270 | Val Loss 10.3150 | MAE 143.80 | RMSE 548.71 | LR 2.97e-05
  -> Saved best student (MAE 143.80)
Epoch 4/50: Train Loss 9.0998 | Val Loss 10.2750 | MAE 142.90 | RMSE 546.53 | LR 2.95e-05
  -> Saved best student (MAE 142.90)
Epoch 5/50: Train Loss 8.8350 | Val Loss 10.3412 | MAE 140.75 | RMSE 543.67 | LR 2.93e-05
  -> Saved best student (MAE 140.75)
Epoch 6/50: Train Loss 8.6114 | Val Loss 10.3423 | MAE 140.55 | RMSE 542.32 | LR 2.90e-05
  -> Saved best student (MAE 140.55)
Epoch 7/50: Train Loss 8.3936 | Val Loss 10.0887 | MAE 141.41 | RMSE 543.07 | LR 2.86e-05
Epoch 8/50: Train Loss 8.2269 | Val Loss 10.1934 | MAE 140.60 | RMSE 542.34 | LR 2.82e-05
Epoch 9/50: Train Loss 8.0885 | Val Loss 10.1122 | MAE 140.67 | RMSE 543.73 | LR 2.77e-05
Epoch 10/50: Train Loss 7.9127 | Val Loss 10.0493 | MAE 143.07 | RMSE 545.11 | LR 2.71e-05
Epoch 11/50: Train Loss 7.7674 | Val Loss 10.0987 | MAE 141.10 | RMSE 543.57 | LR 2.66e-05
Epoch 12/50: Train Loss 7.6752 | Val Loss 10.0889 | MAE 142.26 | RMSE 545.21 | LR 2.59e-05
Epoch 13/50: Train Loss 7.5527 | Val Loss 10.0532 | MAE 142.20 | RMSE 544.80 | LR 2.53e-05
Epoch 14/50: Train Loss 7.4668 | Val Loss 10.0032 | MAE 143.10 | RMSE 546.72 | LR 2.46e-05
Epoch 15/50: Train Loss 7.3753 | Val Loss 9.9732 | MAE 143.43 | RMSE 545.82 | LR 2.38e-05
Epoch 16/50: Train Loss 7.2760 | Val Loss 10.0023 | MAE 143.87 | RMSE 547.37 | LR 2.31e-05
Epoch 17/50: Train Loss 7.1861 | Val Loss 10.0028 | MAE 143.99 | RMSE 545.77 | LR 2.23e-05
Epoch 18/50: Train Loss 7.1137 | Val Loss 10.0269 | MAE 143.80 | RMSE 545.90 | LR 2.14e-05
Epoch 19/50: Train Loss 7.0679 | Val Loss 10.1017 | MAE 143.90 | RMSE 545.58 | LR 2.06e-05
Epoch 20/50: Train Loss 7.0143 | Val Loss 9.8954 | MAE 142.77 | RMSE 545.87 | LR 1.97e-05
Epoch 21/50: Train Loss 6.9548 | Val Loss 10.0262 | MAE 144.03 | RMSE 547.19 | LR 1.88e-05
Epoch 22/50: Train Loss 6.9119 | Val Loss 9.9507 | MAE 143.16 | RMSE 546.76 | LR 1.79e-05
Epoch 23/50: Train Loss 6.8538 | Val Loss 10.0339 | MAE 143.09 | RMSE 545.85 | LR 1.69e-05
Epoch 24/50: Train Loss 6.8006 | Val Loss 9.9692 | MAE 143.24 | RMSE 545.98 | LR 1.60e-05
Epoch 25/50: Train Loss 6.8103 | Val Loss 9.8892 | MAE 144.18 | RMSE 547.89 | LR 1.51e-05
Epoch 26/50: Train Loss 6.7833 | Val Loss 9.8970 | MAE 146.15 | RMSE 548.46 | LR 1.41e-05
Epoch 27/50: Train Loss 6.7572 | Val Loss 9.9522 | MAE 144.20 | RMSE 547.17 | LR 1.32e-05
Epoch 28/50: Train Loss 6.7165 | Val Loss 9.9796 | MAE 144.38 | RMSE 546.81 | LR 1.22e-05
Epoch 29/50: Train Loss 6.6865 | Val Loss 9.8904 | MAE 144.89 | RMSE 547.93 | LR 1.13e-05
Epoch 30/50: Train Loss 6.6932 | Val Loss 9.9284 | MAE 144.65 | RMSE 547.64 | LR 1.04e-05
Epoch 31/50: Train Loss 6.6538 | Val Loss 9.9197 | MAE 145.26 | RMSE 548.24 | LR 9.55e-06
Epoch 32/50: Train Loss 6.6617 | Val Loss 9.9898 | MAE 142.45 | RMSE 545.78 | LR 8.68e-06
Epoch 33/50: Train Loss 6.6517 | Val Loss 9.9459 | MAE 141.74 | RMSE 545.39 | LR 7.85e-06
Epoch 34/50: Train Loss 6.5952 | Val Loss 10.0081 | MAE 140.97 | RMSE 544.47 | LR 7.04e-06
Epoch 35/50: Train Loss 6.5757 | Val Loss 10.0446 | MAE 139.90 | RMSE 543.71 | LR 6.26e-06
  -> Saved best student (MAE 139.90)
Epoch 36/50: Train Loss 6.5288 | Val Loss 10.0429 | MAE 139.98 | RMSE 543.76 | LR 5.52e-06
Epoch 37/50: Train Loss 6.4863 | Val Loss 10.0295 | MAE 139.88 | RMSE 543.81 | LR 4.82e-06
  -> Saved best student (MAE 139.88)
Epoch 38/50: Train Loss 6.4674 | Val Loss 9.9814 | MAE 140.58 | RMSE 544.28 | LR 4.15e-06
Epoch 39/50: Train Loss 6.4600 | Val Loss 9.9792 | MAE 140.17 | RMSE 544.21 | LR 3.53e-06
Epoch 40/50: Train Loss 6.4373 | Val Loss 9.9537 | MAE 140.60 | RMSE 544.88 | LR 2.96e-06
Epoch 41/50: Train Loss 6.4264 | Val Loss 9.9359 | MAE 141.10 | RMSE 545.16 | LR 2.43e-06
Epoch 42/50: Train Loss 6.3989 | Val Loss 9.9218 | MAE 141.37 | RMSE 545.37 | LR 1.95e-06
Epoch 43/50: Train Loss 6.3845 | Val Loss 9.9124 | MAE 141.87 | RMSE 545.73 | LR 1.52e-06
Epoch 44/50: Train Loss 6.3644 | Val Loss 9.9167 | MAE 141.68 | RMSE 545.59 | LR 1.15e-06
Epoch 45/50: Train Loss 6.3545 | Val Loss 9.9192 | MAE 141.57 | RMSE 545.58 | LR 8.32e-07
Epoch 46/50: Train Loss 6.3457 | Val Loss 9.9214 | MAE 141.35 | RMSE 545.49 | LR 5.70e-07
Epoch 47/50: Train Loss 6.3383 | Val Loss 9.9231 | MAE 141.32 | RMSE 545.47 | LR 3.65e-07
Epoch 48/50: Train Loss 6.3367 | Val Loss 9.9175 | MAE 141.52 | RMSE 545.55 | LR 2.18e-07
Epoch 49/50: Train Loss 6.3352 | Val Loss 9.9090 | MAE 141.80 | RMSE 545.73 | LR 1.30e-07
Epoch 50/50: Train Loss 6.3323 | Val Loss 9.9046 | MAE 142.00 | RMSE 545.84 | LR 1.00e-07
Metrics plot saved to assets/training_metrics_e50_lr3e-05_ds4.png
Training history saved to assets/training_history_e50_lr3e-05_ds4.json
Uploaded best_student_e50_lr3e-05_ds4.pth to HuggingFace

------------------------------------------------------------
Sender: LSF System <lsfadmin@hpc.dtu.dk>
Subject: Job 28317169: <Distill_CLIP> in cluster <dcc> Done

Job <Distill_CLIP> was submitted from host <hpclogin1> by user <s253771> in cluster <dcc> at Tue Apr 28 16:18:44 2026
Job was executed on host(s) <4*n-62-20-10>, in queue <gpuv100>, as user <s253771> in cluster <dcc> at Tue Apr 28 18:41:46 2026
</zhome/3b/2/223841> was used as the home directory.
</zhome/3b/2/223841/ADLCV/CLIP-EBC> was used as the working directory.
Started at Tue Apr 28 18:41:46 2026
Terminated at Tue Apr 28 21:26:39 2026
Results reported at Tue Apr 28 21:26:39 2026

Your job looked like:

------------------------------------------------------------
# LSBATCH: User input
#!/bin/sh
### ---------------- specify queue name ----------------
#BSUB -q gpuv100
#BSUB -gpu "num=1"
### ---------------- specify job name ----------------
#BSUB -J Distill_CLIP
### ---------------- specify number of cores ----------------
#BSUB -n 4
#BSUB -R "span[hosts=1]"
### ---------------- specify CPU memory requirements ----------------
#BSUB -R "rusage[mem=20GB]"
### ---------------- specify wall-clock time (max allowed is 12:00) ----------------
#BSUB -W 12:00
#BSUB -o logs/OUTPUT_FILE%J.out
#BSUB -e logs/OUTPUT_FILE%J.err

source ~/miniconda3/bin/activate clip_ebc
cd "$LSB_SUBCWD"
mkdir -p logs

python train_distillation.py \
    --model clip_vit_l_14 --input_size 224 --reduction 8 --truncation 4 \
    --anchor_points average --prompt_type word --granularity fine \
    --num_vpt 32 --vpt_drop 0.0 \
    --weight_path ./checkpoints/nwpu/best_rmse_0.pth \
    --device cuda --epochs 50 --lr 3e-5 --downscale 4 --batch_size 8

------------------------------------------------------------

Successfully completed.

Resource usage summary:

    CPU time :                                   32281.00 sec.
    Max Memory :                                 2604 MB
    Average Memory :                             1884.82 MB
    Total Requested Memory :                     81920.00 MB
    Delta Memory :                               79316.00 MB
    Max Swap :                                   -
    Max Processes :                              8
    Max Threads :                                28
    Run time :                                   9893 sec.
    Turnaround time :                            18475 sec.

The output (if any) is above this job summary.



PS:

Read file <logs/OUTPUT_FILE28317169.err> for stderr output of this job.

