model          :	clip_vit_l_14
input_size     :	224
reduction      :	8
regression     :	False
truncation     :	4
anchor_points  :	average
prompt_type    :	word
granularity    :	fine
num_vpt        :	32
vpt_drop       :	0.0
shallow_vpt    :	False
weight_path    :	./checkpoints/nwpu/best_rmse_0.pth
epochs         :	50
lr             :	3e-05
backbone_lr    :	1e-06
n_unfreeze     :	3
downscale      :	2
batch_size     :	8
device         :	cuda
Missing keys: []
Unexpected keys: ['proj']
All keys matched successfully.
Initialized model with text prompts: ['There is no person.', 'There is one person.', 'There are two people.', 'There are three people.', 'There are more than four people.']
Unfroze last 3/24 transformer blocks — 58.2M trainable params
Backbone params (lr=1e-06): 37.8M
Head/VPT params (lr=3e-05):      20.5M
Epoch 1/50: Train Loss 2.9132 | Val Loss 2.7321 | MAE 125.48 | RMSE 472.59 | LR 9.99e-07
  -> Saved best student (MAE 125.48)
Epoch 2/50: Train Loss 2.6191 | Val Loss 2.5931 | MAE 121.15 | RMSE 465.09 | LR 9.96e-07
  -> Saved best student (MAE 121.15)
Epoch 3/50: Train Loss 2.3372 | Val Loss 2.5725 | MAE 117.56 | RMSE 449.85 | LR 9.92e-07
  -> Saved best student (MAE 117.56)
Epoch 4/50: Train Loss 2.1153 | Val Loss 2.4901 | MAE 119.79 | RMSE 456.46 | LR 9.86e-07
Epoch 5/50: Train Loss 1.9404 | Val Loss 2.4945 | MAE 122.97 | RMSE 460.21 | LR 9.78e-07
Epoch 6/50: Train Loss 1.7709 | Val Loss 2.3191 | MAE 120.17 | RMSE 440.82 | LR 9.68e-07
Epoch 7/50: Train Loss 1.6574 | Val Loss 2.3971 | MAE 117.49 | RMSE 430.59 | LR 9.57e-07
  -> Saved best student (MAE 117.49)
Epoch 8/50: Train Loss 1.5670 | Val Loss 2.3253 | MAE 118.31 | RMSE 432.67 | LR 9.44e-07
Epoch 9/50: Train Loss 1.4414 | Val Loss 2.4389 | MAE 117.75 | RMSE 422.53 | LR 9.30e-07
Epoch 10/50: Train Loss 1.3662 | Val Loss 2.4608 | MAE 120.18 | RMSE 428.51 | LR 9.14e-07
Epoch 11/50: Train Loss 1.3133 | Val Loss 2.4612 | MAE 114.96 | RMSE 424.16 | LR 8.97e-07
  -> Saved best student (MAE 114.96)
Epoch 12/50: Train Loss 1.2586 | Val Loss 2.4004 | MAE 116.62 | RMSE 420.03 | LR 8.78e-07
Epoch 13/50: Train Loss 1.1871 | Val Loss 2.3382 | MAE 116.82 | RMSE 424.67 | LR 8.58e-07
Epoch 14/50: Train Loss 1.1749 | Val Loss 2.4315 | MAE 112.92 | RMSE 418.69 | LR 8.37e-07
  -> Saved best student (MAE 112.92)
Epoch 15/50: Train Loss 1.1748 | Val Loss 2.3090 | MAE 116.63 | RMSE 425.55 | LR 8.15e-07
Epoch 16/50: Train Loss 1.1386 | Val Loss 2.4489 | MAE 115.05 | RMSE 419.97 | LR 7.91e-07
Epoch 17/50: Train Loss 1.0749 | Val Loss 2.4668 | MAE 113.03 | RMSE 420.75 | LR 7.67e-07
Epoch 18/50: Train Loss 1.0626 | Val Loss 2.3900 | MAE 112.20 | RMSE 419.57 | LR 7.42e-07
  -> Saved best student (MAE 112.20)
Epoch 19/50: Train Loss 1.0347 | Val Loss 2.4453 | MAE 111.64 | RMSE 421.89 | LR 7.16e-07
  -> Saved best student (MAE 111.64)
Epoch 20/50: Train Loss 1.0467 | Val Loss 2.6244 | MAE 109.62 | RMSE 417.55 | LR 6.89e-07
  -> Saved best student (MAE 109.62)
Epoch 21/50: Train Loss 1.0108 | Val Loss 2.5137 | MAE 111.41 | RMSE 423.96 | LR 6.62e-07
Epoch 22/50: Train Loss 0.9921 | Val Loss 2.5046 | MAE 110.42 | RMSE 414.93 | LR 6.34e-07
Epoch 23/50: Train Loss 1.0091 | Val Loss 2.5350 | MAE 110.96 | RMSE 420.60 | LR 6.06e-07
Epoch 24/50: Train Loss 0.9367 | Val Loss 2.3981 | MAE 112.87 | RMSE 414.20 | LR 5.78e-07
Epoch 25/50: Train Loss 0.9062 | Val Loss 2.3629 | MAE 114.66 | RMSE 421.24 | LR 5.50e-07
Epoch 26/50: Train Loss 0.9146 | Val Loss 2.2829 | MAE 117.41 | RMSE 428.19 | LR 5.22e-07
Epoch 27/50: Train Loss 0.8802 | Val Loss 2.2764 | MAE 116.11 | RMSE 421.66 | LR 4.94e-07
Epoch 28/50: Train Loss 0.8508 | Val Loss 2.2926 | MAE 114.64 | RMSE 423.91 | LR 4.66e-07
Epoch 29/50: Train Loss 0.8066 | Val Loss 2.3760 | MAE 112.22 | RMSE 422.58 | LR 4.38e-07
Epoch 30/50: Train Loss 0.7693 | Val Loss 2.4328 | MAE 112.05 | RMSE 418.96 | LR 4.11e-07
Epoch 31/50: Train Loss 0.7855 | Val Loss 2.4167 | MAE 112.67 | RMSE 423.69 | LR 3.84e-07
Epoch 32/50: Train Loss 0.7173 | Val Loss 2.4246 | MAE 112.28 | RMSE 422.89 | LR 3.58e-07
Epoch 33/50: Train Loss 0.7292 | Val Loss 2.4308 | MAE 111.96 | RMSE 420.06 | LR 3.33e-07
Epoch 34/50: Train Loss 0.7432 | Val Loss 2.4847 | MAE 111.12 | RMSE 416.28 | LR 3.09e-07
Epoch 35/50: Train Loss 0.7378 | Val Loss 2.3796 | MAE 114.24 | RMSE 428.34 | LR 2.85e-07
Epoch 36/50: Train Loss 0.7064 | Val Loss 2.4538 | MAE 112.93 | RMSE 424.73 | LR 2.63e-07
Epoch 37/50: Train Loss 0.6872 | Val Loss 2.3839 | MAE 113.39 | RMSE 421.71 | LR 2.42e-07
Epoch 38/50: Train Loss 0.6609 | Val Loss 2.3488 | MAE 114.16 | RMSE 425.52 | LR 2.22e-07
Epoch 39/50: Train Loss 0.6413 | Val Loss 2.4112 | MAE 113.12 | RMSE 424.84 | LR 2.03e-07
Epoch 40/50: Train Loss 0.6250 | Val Loss 2.3966 | MAE 112.53 | RMSE 420.98 | LR 1.86e-07
Epoch 41/50: Train Loss 0.6083 | Val Loss 2.3841 | MAE 113.04 | RMSE 422.24 | LR 1.70e-07
Epoch 42/50: Train Loss 0.5816 | Val Loss 2.3268 | MAE 114.39 | RMSE 423.62 | LR 1.56e-07
Epoch 43/50: Train Loss 0.5845 | Val Loss 2.3271 | MAE 114.75 | RMSE 424.37 | LR 1.43e-07
Epoch 44/50: Train Loss 0.5762 | Val Loss 2.3142 | MAE 115.09 | RMSE 424.56 | LR 1.32e-07
Epoch 45/50: Train Loss 0.5609 | Val Loss 2.3039 | MAE 115.48 | RMSE 424.12 | LR 1.22e-07
Epoch 46/50: Train Loss 0.5623 | Val Loss 2.2956 | MAE 115.71 | RMSE 425.14 | LR 1.14e-07
Epoch 47/50: Train Loss 0.5711 | Val Loss 2.2798 | MAE 116.56 | RMSE 424.86 | LR 1.08e-07
Epoch 48/50: Train Loss 0.5642 | Val Loss 2.2742 | MAE 116.84 | RMSE 424.91 | LR 1.04e-07
Epoch 49/50: Train Loss 0.5631 | Val Loss 2.2764 | MAE 116.63 | RMSE 424.72 | LR 1.01e-07
Epoch 50/50: Train Loss 0.5565 | Val Loss 2.2799 | MAE 116.47 | RMSE 425.45 | LR 1.00e-07
Metrics plot saved to assets/training_metrics_e50_lr3e-05_blr1e-06_uf3_ds2.png
Training history saved to assets/training_history_e50_lr3e-05_blr1e-06_uf3_ds2.json
Uploaded best_student_e50_lr3e-05_blr1e-06_uf3_ds2.pth to HuggingFace

------------------------------------------------------------
Sender: LSF System <lsfadmin@hpc.dtu.dk>
Subject: Job 28320875: <Distill_Unfreeze> in cluster <dcc> Done

Job <Distill_Unfreeze> was submitted from host <hpclogin1> by user <s253771> in cluster <dcc> at Wed Apr 29 00:03:52 2026
Job was executed on host(s) <4*n-62-20-10>, in queue <gpuv100>, as user <s253771> in cluster <dcc> at Wed Apr 29 02:24:05 2026
</zhome/3b/2/223841> was used as the home directory.
</zhome/3b/2/223841/ADLCV/CLIP-EBC> was used as the working directory.
Started at Wed Apr 29 02:24:05 2026
Terminated at Wed Apr 29 05:11:39 2026
Results reported at Wed Apr 29 05:11:39 2026

Your job looked like:

------------------------------------------------------------
# LSBATCH: User input
#!/bin/sh
#BSUB -q gpuv100
#BSUB -gpu "num=1"
#BSUB -J Distill_Unfreeze
#BSUB -n 4
#BSUB -R "span[hosts=1]"
#BSUB -R "rusage[mem=20GB]"
#BSUB -W 12:00
#BSUB -o logs/OUTPUT_FILE%J.out
#BSUB -e logs/OUTPUT_FILE%J.err

source ~/miniconda3/bin/activate clip_ebc
cd "$LSB_SUBCWD"
mkdir -p logs

python train_distillation_unfreeze.py \
    --model clip_vit_l_14 --input_size 224 --reduction 8 --truncation 4 \
    --anchor_points average --prompt_type word --granularity fine \
    --num_vpt 32 --vpt_drop 0.0 \
    --weight_path ./checkpoints/nwpu/best_rmse_0.pth \
    --device cuda --epochs 50 --lr 3e-5 --backbone_lr 1e-6 \
    --n_unfreeze 3 --downscale 2 --batch_size 8

------------------------------------------------------------

Successfully completed.

Resource usage summary:

    CPU time :                                   32784.00 sec.
    Max Memory :                                 2940 MB
    Average Memory :                             2138.73 MB
    Total Requested Memory :                     81920.00 MB
    Delta Memory :                               78980.00 MB
    Max Swap :                                   -
    Max Processes :                              8
    Max Threads :                                28
    Run time :                                   10054 sec.
    Turnaround time :                            18467 sec.

The output (if any) is above this job summary.



PS:

Read file <logs/OUTPUT_FILE28320875.err> for stderr output of this job.

